[www.inkaterra.com/nature_conservations/nature-resources/field-guides/reserva-amazonica/index.html]
[backblue.gif]
[fade.gif]
[index.html]
[www.inkaterra.com/wp-content/themes/inkaterra/js/libs/modernizr.min.js]
[www.inkaterra.com/wp-content/themes/inkaterra/js/libs/jquery-1.8.0.min.js]
[www.inkaterra.com/wp-content/themes/inkaterra/js/libs/jquery.nivo.slider.js]
[www.inkaterra.com/wp-content/themes/inkaterra/js/libs/rhinoslider.min.js]
[www.inkaterra.com/wp-content/themes/inkaterra/js/libs/jquery.jcarousel.min.js]
[www.inkaterra.com/wp-content/themes/inkaterra/js/libs/shadowbox.js]
[www.inkaterra.com/wp-content/themes/inkaterra/js/libs/mousewheel.js]
[www.inkaterra.com/wp-content/themes/inkaterra/js/libs/easing.js]
[www.inkaterra.com/wp-content/themes/inkaterra/js/jwplayer.js]
[www.inkaterra.com/wp-content/themes/inkaterra/js/jquery.transform.js]
[www.inkaterra.com/wp-content/themes/inkaterra/js/jquery.grab.js]
[www.inkaterra.com/wp-content/themes/inkaterra/js/jquery.jplayer.js]
[www.inkaterra.com/wp-content/themes/inkaterra/js/mod.csstransforms.min.js]
[www.inkaterra.com/wp-content/themes/inkaterra/js/circle.player.js]
[www.inkaterra.com/wp-content/themes/inkaterra/js/jquery.cycle.all.js]
[www.inkaterra.com/wp-content/themes/inkaterra/js/chili-1.7.pack.js]
[www.inkaterra.com/wp-content/themes/inkaterra/js/jquery.validate.min.js]
[www.inkaterra.com/wp-content/themes/inkaterra/js/jquery.quick.pagination.min.js]
[www.inkaterra.com/nature_conservations/nature-resources/field-guides/reserva-amazonica/feed/index.html]
[ajax.googleapis.com/ajax/libs/jqueryui/1.8.16/jquery-ui.js]
[www.inkaterra.com/wp-content/themes/inkaterra/nuevobook/js/jquery.easing.1.3.js]
[www.inkaterra.com/nature_conservations/nature-resources/field-guides/reserva-amazonica/hummingbirds/index.html]
[www.inkaterra.com/wp-content/themes/inkaterra/nuevobook/js/jquery.easing.compatibility.js]
[www.inkaterra.com/wp-content/themes/inkaterra/nuevobook/js/jquery-ui-1.8.21.custom.min.js]
[www.inkaterra.com/wp-content/themes/inkaterra/nuevobook/js/jquery.booklet.1.4.0.js]
[www.inkaterra.com/wp-content/themes/inkaterra/nuevobook/js/jquery.booklet.1.4.0.min.js]
[www.inkaterra.com/wp-content/themes/inkaterra/js/fancybox/jquery.mousewheel-3.0.4.pack.js]
[www.inkaterra.com/wp-content/themes/inkaterra/js/fancybox/jquery.fancybox-1.3.4.pack.js]
[www.inkaterra.com/wp-content/themes/inkaterra/images/flecha-oculta.png]
[www.inkaterra.com/wp-content/themes/inkaterra/images/flecha-activa.png]
[www.inkaterra.com/wp-content/uploads/2012/08/header-nature1.jpg]
[www.inkaterra.com/wp-content/uploads/2012/06/logo-homes.png]
[www.inkaterra.com/wp-content/plugins/sitepress-multilingual-cms/res/flags/es.png]
[www.inkaterra.com/wp-content/themes/inkaterra/images/lfacebook.jpg]
[www.inkaterra.com/wp-content/themes/inkaterra/images/ltwitter.jpg]
[www.inkaterra.com/wp-content/themes/inkaterra/images/logo-tripadvisor.png]
[www.inkaterra.com/wp-content/themes/inkaterra/images/ebutuoy.png]
[www.inkaterra.com/wp-content/themes/inkaterra/images/blog_inkaterra.png]
[www.inkaterra.com/wp-content/themes/inkaterra/images/googleplus.png]
[www.inkaterra.com/wp-content/themes/inkaterra/images/background/arrowPage.png]
[www.inkaterra.com/wp-content/uploads/2012/06/Reserva_Amazonica.jpg]
[www.inkaterra.com/wp-content/uploads/2012/06/hacienda-concepcion2.jpg]
[www.inkaterra.com/wp-content/uploads/2012/06/machu_picchu2.jpg]
[www.inkaterra.com/wp-content/uploads/2012/06/hu2.jpg]
[www.inkaterra.com/wp-content/uploads/2012/05/LC.jpg]
[www.inkaterra.com/wp-content/themes/inkaterra/images/home/el-mapi-hotel.png]
[www.inkaterra.com/wp-content/themes/inkaterra/images/home/hacienda-concepcion.jpg]
[www.inkaterra.com/wp-content/uploads/2012/08/ra-birds-sandoval111.jpg]
[www.inkaterra.com/wp-photos/230/104/wp-content_uploads_2012_08_ra-birds-sandoval11.jpg]
[www.inkaterra.com/wp-content/uploads/2012/08/Birds-at-Sandoval-Lake2.jpg]
[www.inkaterra.com/wp-content/uploads/2012/08/Birds-at-Sandoval-Lake.jpg]
[www.inkaterra.com/wp-content/uploads/2012/08/ra-birds-clarobosque12.jpg]
[www.inkaterra.com/wp-photos/230/104/wp-content_uploads_2012_08_ra-birds-clarobosque11.jpg]
[www.inkaterra.com/wp-content/uploads/2012/08/Birds-in-Forest-Clearing2.jpg]
[www.inkaterra.com/wp-content/uploads/2012/08/Birds-in-Forest-Clearing.jpg]
[www.inkaterra.com/wp-content/uploads/2012/08/Birds-in-the-Forest12.jpg]
[www.inkaterra.com/wp-photos/230/104/wp-content_uploads_2012_08_Birds-in-the-Forest11.jpg]
[www.inkaterra.com/wp-content/uploads/2012/08/Birds-in-the-Forest2.jpg]
[www.inkaterra.com/wp-content/uploads/2012/08/Birds-in-the-Forest.jpg]
[www.inkaterra.com/wp-content/uploads/2012/08/ra-butterflies-1.jpg]
[www.inkaterra.com/wp-photos/230/104/wp-content_uploads_2012_08_ra-butterflies-11.jpg]
[www.inkaterra.com/wp-content/uploads/2012/08/Butterflies21.jpg]
[www.inkaterra.com/wp-content/uploads/2012/08/Butterflies3.jpg]
[www.inkaterra.com/wp-content/uploads/2012/08/ra-birds-river12.jpg]
[www.inkaterra.com/wp-photos/230/104/wp-content_uploads_2012_08_ra-birds-river1.jpg]
[www.inkaterra.com/wp-content/uploads/2012/08/River-Birds2.jpg]
[www.inkaterra.com/wp-content/uploads/2012/08/River-Birds.jpg]
[www.inkaterra.com/wp-content/themes/inkaterra/images/footer/logos/facebook.png]
[www.inkaterra.com/wp-content/themes/inkaterra/images/footer/logos/twitter.png]
[www.inkaterra.com/wp-content/themes/inkaterra/images/footer/logos/pinterest.jpg]
[www.inkaterra.com/wp-content/themes/inkaterra/images/logo-tripadvisor-footer.png]
[www.inkaterra.com/wp-content/themes/inkaterra/images/footer/logos/youTube.png]
[www.inkaterra.com/wp-content/themes/inkaterra/images/logo-wordpress-footer.png]
[www.inkaterra.com/wp-content/uploads/2013/09/RC-ENVIRONMENT.png]
[www.inkaterra.com/wp-content/uploads/2013/04/virtuoso.png]
[www.inkaterra.com/wp-content/uploads/2012/05/logo-Vast.png]
[www.inkaterra.com/wp-content/uploads/2013/04/GREEN-CHOICE-SAPPHIRE.png]
[www.inkaterra.com/wp-content/uploads/2013/04/WTTC-22.png]
[www.inkaterra.com/wp-content/uploads/2013/05/LogoLataHome1.png]
[www.inkaterra.com/wp-content/uploads/2012/05/ATTA.png]
[www.inkaterra.com/wp-content/plugins/sitepress-multilingual-cms/res/js/sitepress.js]
[www.inkaterra.com/wp-content/themes/inkaterra/js/functions-inkaterra.js]
[www.inkaterra.com/wp-content/uploads/wpcf7_captcha/1340995588.png]
[www.inkaterra.com/wp-content/themes/inkaterra/images/flecha-roja.png]
[www.inkaterra.com/nature_conservations/nature-resources/field-guides/reserva-amazonica/index.html]
[www.inkaterra.com/wp-content/plugins/sitepress-multilingual-cms/res/css/language-selector5c45.css]
[www.inkaterra.com/wp-content/themes/inkaterra/images/background/separacionLiMenuSecundary.png]
[www.inkaterra.com/wp-content/themes/inkaterra/images/background/bgMenuSecundary.png]
[www.inkaterra.com/wp-content/themes/inkaterra/images/bglinkredes.png]
[www.inkaterra.com/wp-content/themes/inkaterra/images/button/arrows.png]
[www.inkaterra.com/wp-content/themes/inkaterra/images/background/dashed-in.png]
[www.inkaterra.com/wp-content/themes/inkaterra/images/button/btn-grey.png]
[www.inkaterra.com/wp-content/themes/inkaterra/images/background/fondobanner.jpg]
[www.inkaterra.com/wp-content/themes/inkaterra/images/button/btn-grey-view.png]
[www.inkaterra.com/wp-content/themes/inkaterra/images/home/lefthome.png]
[s7.addthis.com/js/250/addthis_widget.js]
[www.inkaterra.com/wp-content/themes/inkaterra/images/background/fondoweb.jpg]
[www.inkaterra.com/wp-content/themes/inkaterra/images/background/bg-newtop.png]
[www.inkaterra.com/wp-content/themes/inkaterra/PIE.6f.delayed]
[www.inkaterra.com/wp-content/themes/inkaterra/images/background/bg-submenu.png]
[www.inkaterra.com/wp-content/themes/inkaterra/images/background/bg_us3_03.png]
[www.inkaterra.com/wp-content/themes/inkaterra/images/background/bg_us3_n.png]
[www.inkaterra.com/wp-content/themes/inkaterra/images/carousel/next-horizontal.png]
[www.inkaterra.com/wp-content/themes/inkaterra/images/carousel/prev-horizontal.png]
[www.inkaterra.com/wp-content/themes/inkaterra/style.css]
[www.inkaterra.com/wp-content/themes/inkaterra/css/shadowbox.css]
[www.inkaterra.com/wp-content/themes/inkaterra/css/nivo-slider.css]
[www.inkaterra.com/wp-content/themes/inkaterra/css/jcarousel.css]
[www.inkaterra.com/wp-content/themes/inkaterra/css/rhino-slider.css]
[www.inkaterra.com/wp-content/themes/inkaterra/css/bgr.jpg]
[www.inkaterra.com/wp-content/themes/inkaterra/css/controls.gif]
[www.inkaterra.com/wp-content/themes/inkaterra/css/circle.player.css]
[www.inkaterra.com/wp-content/themes/inkaterra/images/background/bg-header-hc.png]
[www.inkaterra.com/wp-content/themes/inkaterra/images/background/bg-header.78.delayed]
[www.inkaterra.com/wp-content/themes/inkaterra/images/slider/marcotop.png]
[www.inkaterra.com/wp-content/themes/inkaterra/images/slider/marcoleft.png]
[www.inkaterra.com/wp-content/themes/inkaterra/images/slider/marcoright.png]
[www.inkaterra.com/wp-content/themes/inkaterra/images/slider/marcobottom.png]
[www.inkaterra.com/wp-content/themes/inkaterra/images/background/secondaryleft.jpg]
[www.inkaterra.com/wp-content/themes/inkaterra/images/background/secondaryright.png]
[www.inkaterra.com/wp-content/themes/inkaterra/images/background/fondofooterh.jpg]
[www.inkaterra.com/wp-content/themes/inkaterra/css/stylebyinkaterra.css]
[www.inkaterra.com/wp-content/themes/inkaterra/images/home/newsletters.png]
[www.inkaterra.com/wp-content/themes/inkaterra/css/home.css]
[www.inkaterra.com/wp-content/themes/inkaterra/estiloslenguaje.css]
[www.inkaterra.com/wp-content/themes/inkaterra/images/left-galeria.png]
[www.inkaterra.com/wp-content/themes/inkaterra/images/right-galeria.png]
[www.inkaterra.com/wp-content/themes/inkaterra/css/cycle.css]
[www.inkaterra.com/wp-content/themes/inkaterra/css/jpagestyle.css]
[www.inkaterra.com/wp-content/plugins/captcha/images/tooltip_icons.png]
[www.inkaterra.com/wp-content/plugins/captcha/images/help.png]
[www.inkaterra.com/wp-content/plugins/captcha/css/style.css]
[www.inkaterra.com/wp-content/plugins/contact-form-7/includes/css/styles.css]
[www.inkaterra.com/wp-content/uploads/wpcf7_captcha/1377977662.png]
[www.inkaterra.com/nature_conservations/nature-resources/field-guides/reserva-amazonica/hummingbirds/index.html]
[ajax.googleapis.com/ajax/libs/jqueryui/1.8/themes/base/jquery-ui.css]
[www.inkaterra.com/wp-content/themes/inkaterra/nuevobook/js/images/shadow-top-forward.86.delayed]
[www.inkaterra.com/nature_conservations/nature-resources/field-guides/reserva-amazonica/hummingbirds/feed/index.html]
[www.inkaterra.com/wp-content/themes/inkaterra/nuevobook/js/images/shadow-top-back.87.delayed]
[www.inkaterra.com/wp-content/themes/inkaterra/nuevobook/js/images/shadow.88.delayed]
[www.inkaterra.com/wp-content/themes/inkaterra/nuevobook/js/images/arrow-next.89.delayed]
[www.inkaterra.com/wp-content/themes/inkaterra/nuevobook/js/images/arrow-prev.8a.delayed]
[www.inkaterra.com/wp-content/themes/inkaterra/nuevobook/js/jquery.booklet.1.4.0.css]
[www.inkaterra.com/wp-content/themes/inkaterra/js/fancybox/fancybox.png]
[www.inkaterra.com/wp-content/themes/inkaterra/js/fancybox/blank.gif]
[www.inkaterra.com/wp-content/themes/inkaterra/js/fancybox/fancybox-x.png]
[www.inkaterra.com/wp-content/themes/inkaterra/js/fancybox/fancybox-y.png]
[www.inkaterra.com/wp-content/themes/inkaterra/js/fancybox/fancy_title_over.png]
[www.inkaterra.com/wp-content/themes/inkaterra/js/fancybox/fancybox/fancy_close.90.delayed]
[www.inkaterra.com/wp-content/themes/inkaterra/js/fancybox/fancybox/fancy_nav_left.91.delayed]
[www.inkaterra.com/wp-content/themes/inkaterra/js/fancybox/fancybox/fancy_nav_right.92.delayed]
[www.inkaterra.com/wp-content/themes/inkaterra/js/fancybox/fancybox/fancy_title_over.93.delayed]
[www.inkaterra.com/wp-content/themes/inkaterra/js/fancybox/fancybox/fancy_title_left.94.delayed]
[www.inkaterra.com/wp-content/themes/inkaterra/js/fancybox/fancybox/fancy_title_main.95.delayed]
[www.inkaterra.com/wp-content/themes/inkaterra/js/fancybox/fancybox/fancy_title_right.96.delayed]
[www.inkaterra.com/wp-content/themes/inkaterra/js/fancybox/fancybox/fancy_loading.97.delayed]
[www.inkaterra.com/wp-content/themes/inkaterra/js/fancybox/fancybox/fancy_shadow_n.98.delayed]
[www.inkaterra.com/wp-content/themes/inkaterra/js/fancybox/fancybox/fancy_shadow_ne.99.delayed]
[www.inkaterra.com/wp-content/themes/inkaterra/js/fancybox/fancybox/fancy_shadow_e.9a.delayed]
[www.inkaterra.com/wp-content/themes/inkaterra/js/fancybox/fancybox/fancy_shadow_se.9b.delayed]
[www.inkaterra.com/wp-content/themes/inkaterra/js/fancybox/fancybox/fancy_shadow_s.9c.delayed]
[www.inkaterra.com/wp-content/themes/inkaterra/js/fancybox/fancybox/fancy_shadow_sw.9d.delayed]
[www.inkaterra.com/wp-content/themes/inkaterra/js/fancybox/fancybox/fancy_shadow_w.9e.delayed]
[www.inkaterra.com/wp-content/themes/inkaterra/js/fancybox/fancybox/fancy_shadow_nw.9f.delayed]
[www.inkaterra.com/wp-content/themes/inkaterra/js/fancybox/jquery.fancybox-1.3.4.css]
[www.inkaterra.com/wp-content/themes/inkaterra/PIE.html]
[www.inkaterra.com/wp-content/themes/inkaterra/images/background/bg-header.html]
[www.inkaterra.com/wp-content/themes/inkaterra/nuevobook/js/images/shadow-top-forward.html]
[www.inkaterra.com/wp-content/themes/inkaterra/nuevobook/js/images/shadow-top-back.html]
[www.inkaterra.com/wp-content/themes/inkaterra/nuevobook/js/images/shadow.html]
[www.inkaterra.com/wp-content/themes/inkaterra/nuevobook/js/images/arrow-next.html]
[www.inkaterra.com/wp-content/themes/inkaterra/nuevobook/js/images/arrow-prev.html]
[www.inkaterra.com/wp-content/themes/inkaterra/js/fancybox/fancybox/fancy_close.html]
[www.inkaterra.com/wp-content/themes/inkaterra/js/fancybox/fancybox/fancy_nav_left.html]
[www.inkaterra.com/wp-content/themes/inkaterra/js/fancybox/fancybox/fancy_nav_right.html]
[www.inkaterra.com/wp-content/themes/inkaterra/js/fancybox/fancybox/fancy_title_over.html]
[www.inkaterra.com/wp-content/themes/inkaterra/js/fancybox/fancybox/fancy_title_left.html]
[www.inkaterra.com/wp-content/themes/inkaterra/js/fancybox/fancybox/fancy_title_main.html]
[www.inkaterra.com/wp-content/themes/inkaterra/js/fancybox/fancybox/fancy_title_right.html]
[www.inkaterra.com/wp-content/themes/inkaterra/js/fancybox/fancybox/fancy_loading.html]
[www.inkaterra.com/wp-content/themes/inkaterra/js/fancybox/fancybox/fancy_shadow_n.html]
[www.inkaterra.com/wp-content/themes/inkaterra/js/fancybox/fancybox/fancy_shadow_ne.html]
[www.inkaterra.com/wp-content/themes/inkaterra/js/fancybox/fancybox/fancy_shadow_e.html]
[www.inkaterra.com/wp-content/themes/inkaterra/js/fancybox/fancybox/fancy_shadow_se.html]
[www.inkaterra.com/wp-content/themes/inkaterra/js/fancybox/fancybox/fancy_shadow_s.html]
[www.inkaterra.com/wp-content/themes/inkaterra/js/fancybox/fancybox/fancy_shadow_sw.html]
[www.inkaterra.com/wp-content/themes/inkaterra/js/fancybox/fancybox/fancy_shadow_w.html]
[www.inkaterra.com/wp-content/themes/inkaterra/js/fancybox/fancybox/fancy_shadow_nw.html]
